
// ==========================================================================
//  GPPG error listing for yacc source file <SimpleYacc.y>
// ==========================================================================
//  Version:  1.3.6
//  Machine:  DESKTOP-P9G8U3P
//  DateTime: 03.11.2019 14:12:02
//  UserName: andre
// ==========================================================================


%{
// Ýòè îáúÿâëåíèÿ äîáàâëÿþòñÿ â êëàññ GPPGParser, ïðåäñòàâëÿþùèé ñîáîé ïàðñåð, ãåíåðèðóåìûé ñèñòåìîé gppg
    public Parser(AbstractScanner<int, LexLocation> scanner) : base(scanner) { }
%}

%output = SimpleYacc.cs

%namespace SimpleParser

%token BEGIN END CYCLE INUM RNUM ID ASSIGN SEMICOLON WHILE DO REPEAT UNTIL FOR TO IF THEN ELSE WRITE LEFTBRACKET RIGHTBRACKET VAR COMMA MINUS PLUS DIVISION MULT 

%%
// Warning: Terminating list_ident fixes the following size-2 NonTerminal set
   // {var, list_ident}
// Error: NonTerminal symbol "list_ident" has no productions
// Error: There are 2 non-terminating NonTerminal Symbols
   //  {var, list_ident}
// --------------------------------------------------------------------------

progr   : block
		;

stlist	: statement 
		| stlist SEMICOLON statement 
		;

statement: assign
		| block  
		| cycle 
		| while
		| repeat
		| for
		| if
		| write
		| var
		;

ident 	: ID 
		;
	
assign 	: ident ASSIGN expr 
		;

block	: BEGIN stlist END 
		;

cycle	: CYCLE expr statement 
		;

while	: WHILE expr DO statement
		;

repeat	: REPEAT stlist UNTIL expr
		;

for		: FOR assign TO expr DO statement
		;

if		: IF expr THEN statement
		| IF expr THEN statement ELSE statement
		;

write	: WRITE LEFTBRACKET expr RIGHTBRACKET	
		;

list_ident: ident, list_ident
//---------------^
// Error: Syntax error, unexpected ','
// -----------------------------------
		| ident
		;

var		: VAR list_ident 
		;

expr	: T
		| expr PLUS T
		| expr MINUS T
		;

T		: F
		| T MULT F
		| T DIVISION F
		;

F		: ident
		| INUM 
		| LEFTBRACKET expr RIGHTBRACKET
		;

%%
// ==========================================================================

